<html>
<body>
<pre>
<h1>µVision Build Log</h1>
<h2>Tool Versions:</h2>
IDE-Version: ¦ÌVision V5.39.0.0
Copyright (C) 2023 ARM Ltd and ARM Germany GmbH. All rights reserved.
License Information: 1 QM, 1, LIC=JDA0P-MDP6F-BXLUY-IH8D1-RV7YY-FN1VJ
 
Tool Versions:
Toolchain:       MDK-ARM Professional  Version: 5.39.0.0
Toolchain Path:  E:\Keil\core\ARM\ARMCC\Bin
C Compiler:      Armcc.exe V5.06 update 7 (build 960)
Assembler:       Armasm.exe V5.06 update 7 (build 960)
Linker/Locator:  ArmLink.exe V5.06 update 7 (build 960)
Library Manager: ArmAr.exe V5.06 update 7 (build 960)
Hex Converter:   FromElf.exe V5.06 update 7 (build 960)
CPU DLL:         SARMCM3.DLL V5.39.0.0
Dialog DLL:      DCM.DLL V1.17.5.0
Target DLL:      STLink\ST-LINKIII-KEIL_SWO.dll V3.2.0.0
Dialog DLL:      TCM.DLL V1.56.4.0
 
<h2>Project:</h2>
d:\Documents\STM32 Project\HMI\MDK-ARM\HMI.uvprojx
Project File Date:  09/24/2026

<h2>Output:</h2>
*** Using Compiler 'V5.06 update 7 (build 960)', folder: 'E:\Keil\core\ARM\ARMCC\Bin'
Build target 'HMI'
Note: source file '..\Middlewares\LVGL\src\others\vg_lite_tvg\vg_lite_matrix.c' - object file renamed from 'HMI\vg_lite_matrix.o' to 'HMI\vg_lite_matrix_1.o'.
compiling city_config.c...
..\User\api_keys.h(6): warning:  #1-D: last line of file ends without a newline
  #endif // API_KEYS_H
..\User\city_config.c: 1 warning, 0 errors
compiling date_to_timestamp.c...
compiling user_tim.c...
compiling ESP8266.c...
compiling user_main.c...
../User/app_mem_layout.h(8): warning:  #1-D: last line of file ends without a newline
  #endif
../Middlewares/LVGL/src/drivers/uefi/lv_uefi_context.h(71): warning:  #1-D: last line of file ends without a newline
  #endif //__LV_UEFI_CONTEXT_H__
../Middlewares/LVGL/src/drivers/uefi/lv_uefi_indev.h(108): warning:  #1-D: last line of file ends without a newline
  #endif //__LV_UEFI_INDEV_H__
../Middlewares/LVGL/src/drivers/uefi/lv_uefi_display.h(65): warning:  #1-D: last line of file ends without a newline
  #endif //__LV_UEFI_DISPLAY_H__
..\User\user_main.h(18): warning:  #1-D: last line of file ends without a newline
  #endif
..\User\user_main.c: 5 warnings, 0 errors
linking...
HMI\HMI.sct(14): warning: L6314W: No section matches pattern *(.disp_buf*).
HMI\HMI.sct(18): warning: L6314W: No section matches pattern *(.ccmram).
HMI\HMI.sct(19): warning: L6314W: No section matches pattern *(.ccmram*).
Program Size: Code=241022 RO-data=21330 RW-data=48748 ZI-data=81108  
Finished: 0 information, 3 warning and 0 error messages.
FromELF: creating hex file...
"HMI\HMI.axf" - 0 Error(s), 9 Warning(s).

<h2>Software Packages used:</h2>

Package Vendor: ARM
                http://www.keil.com/pack/ARM.CMSIS.5.9.0.pack
                ARM::CMSIS@5.9.0
                CMSIS (Common Microcontroller Software Interface Standard)
   * Component: CORE Version: 5.6.0

Package Vendor: Keil
                https://www.keil.com/pack/Keil.STM32F4xx_DFP.2.17.1.pack
                Keil::STM32F4xx_DFP@2.17.1
                STMicroelectronics STM32F4 Series Device Support, Drivers and Examples

<h2>Collection of Component include folders:</h2>
  ./RTE/_HMI
  E:/Keil/ARM/CMSIS/5.9.0/CMSIS/Core/Include
  E:/Keil/Keil/STM32F4xx_DFP/2.17.1/Drivers/CMSIS/Device/ST/STM32F4xx/Include

<h2>Collection of Component Files used:</h2>

   * Component: ARM::CMSIS:CORE@5.6.0
Build Time Elapsed:  00:00:06
</pre>
</body>
</html>
